 This seems to be totally understanding and the feeling about various aspects of life. Thank you.
